cl : 命令行  warning D9025: 正在重写“/sdl”(用“/GS-”)
  DrawESP.cpp
C:\Users\zetsr\Documents\GitHub\Day-of-Dragons-Cheat-SDK\pllm\Hack\DrawESP.cpp(1,1): warning C4819: 该文件包含不能在当前代码页(936)中表示的字符。请将该文件保存为 Unicode 格式以防止数据丢失
C:\Users\zetsr\Documents\GitHub\Day-of-Dragons-Cheat-SDK\pllm\Minimal-D3D12-Hook-ImGui\Main\mdx12_api.h(1,1): warning C4819: 该文件包含不能在当前代码页(936)中表示的字符。请将该文件保存为 Unicode 格式以防止数据丢失
  (编译源文件“Hack/DrawESP.cpp”)
  
C:\Users\zetsr\Documents\GitHub\Day-of-Dragons-Cheat-SDK\pllm\CppSDK\SDK\Basic.hpp(845,2): warning C4369: “SDK::EObjectFlags”: 枚举数的值“2147483648”不能表示为“int”，值是“2147483648”
  (编译源文件“Hack/DrawESP.cpp”)
  
C:\Users\zetsr\Documents\GitHub\Day-of-Dragons-Cheat-SDK\pllm\CppSDK\SDK\Engine_structs.hpp(3522,2): warning C4309: “初始化”: 截断常量值
  (编译源文件“Hack/DrawESP.cpp”)
  
C:\Users\zetsr\Documents\GitHub\Day-of-Dragons-Cheat-SDK\pllm\CppSDK\SDK\Engine_structs.hpp(3522,2): warning C4369: “SDK::ESoundWaveLoadingBehavior”: 枚举数的值“256”不能表示为“unsigned char”，值是“256”
  (编译源文件“Hack/DrawESP.cpp”)
  
C:\Users\zetsr\Documents\GitHub\Day-of-Dragons-Cheat-SDK\pllm\CppSDK\SDK\Engine_structs.hpp(5811,2): warning C4309: “初始化”: 截断常量值
  (编译源文件“Hack/DrawESP.cpp”)
  
C:\Users\zetsr\Documents\GitHub\Day-of-Dragons-Cheat-SDK\pllm\CppSDK\SDK\Engine_structs.hpp(5811,2): warning C4369: “SDK::ESkinCacheUsage”: 枚举数的值“256”不能表示为“unsigned char”，值是“256”
  (编译源文件“Hack/DrawESP.cpp”)
  
C:\Users\zetsr\Documents\GitHub\Day-of-Dragons-Cheat-SDK\pllm\CppSDK\SDK\Engine_structs.hpp(6035,2): warning C4309: “初始化”: 截断常量值
  (编译源文件“Hack/DrawESP.cpp”)
  
C:\Users\zetsr\Documents\GitHub\Day-of-Dragons-Cheat-SDK\pllm\CppSDK\SDK\Engine_structs.hpp(6035,2): warning C4369: “SDK::ETextureEncodeSpeedOverride”: 枚举数的值“256”不能表示为“unsigned char”，值是“256”
  (编译源文件“Hack/DrawESP.cpp”)
  
C:\Users\zetsr\Documents\GitHub\Day-of-Dragons-Cheat-SDK\pllm\CppSDK\SDK\Engine_structs.hpp(6150,2): warning C4309: “初始化”: 截断常量值
  (编译源文件“Hack/DrawESP.cpp”)
  
C:\Users\zetsr\Documents\GitHub\Day-of-Dragons-Cheat-SDK\pllm\CppSDK\SDK\Engine_structs.hpp(6150,2): warning C4369: “SDK::EStreamingSourcePriority”: 枚举数的值“256”不能表示为“unsigned char”，值是“256”
  (编译源文件“Hack/DrawESP.cpp”)
  
C:\Users\zetsr\Documents\GitHub\Day-of-Dragons-Cheat-SDK\pllm\Hack\DrawESP.cpp(50,67): warning C4244: “参数”: 从“double”转换到“float”，可能丢失数据
C:\Users\zetsr\Documents\GitHub\Day-of-Dragons-Cheat-SDK\pllm\Hack\DrawESP.cpp(50,54): warning C4244: “参数”: 从“double”转换到“float”，可能丢失数据
    正在创建库 C:\Users\zetsr\Documents\GitHub\Day-of-Dragons-Cheat-SDK\pllm\x64\Release\pllm.lib 和对象 C:\Users\zetsr\Documents\GitHub\Day-of-Dragons-Cheat-SDK\pllm\x64\Release\pllm.exp
  正在生成代码
  44 of 2685 functions ( 1.6%) were compiled, the rest were copied from previous compilation.
    7 functions were new in current compilation
    236 functions had inline decision re-evaluated but remain unchanged
  已完成代码的生成
  pllm.vcxproj -> C:\Users\zetsr\Documents\GitHub\Day-of-Dragons-Cheat-SDK\pllm\x64\Release\pllm.dll
